Java HotSpot(TM) 64-Bit Server VM (25.92-b14) for bsd-amd64 JRE (1.8.0_92-b14), built on Mar 31 2016 21:23:14 by "java_re" with gcc 4.2.1 (Based on Apple Inc. build 5658) (LLVM build 2336.11.00)
Memory: 4k page, physical 8388608k(46476k free)

/proc/meminfo:

CommandLine flags: -XX:+DisableExplicitGC -XX:InitialHeapSize=1073741824 -XX:InitiatingHeapOccupancyPercent=35 -XX:+ManagementServer -XX:MaxGCPauseMillis=20 -XX:MaxHeapSize=1073741824 -XX:+PrintGC -XX:+PrintGCDateStamps -XX:+PrintGCDetails -XX:+PrintGCTimeStamps -XX:+UseCompressedClassPointers -XX:+UseCompressedOops -XX:+UseG1GC 
2017-04-04T14:09:57.456-0530: 1.711: [GC pause (G1 Evacuation Pause) (young), 0.0115926 secs]
   [Parallel Time: 6.1 ms, GC Workers: 4]
      [GC Worker Start (ms): Min: 1711.7, Avg: 1711.7, Max: 1711.7, Diff: 0.0]
      [Ext Root Scanning (ms): Min: 0.7, Avg: 1.2, Max: 2.0, Diff: 1.3, Sum: 4.6]
      [Update RS (ms): Min: 0.0, Avg: 0.0, Max: 0.0, Diff: 0.0, Sum: 0.0]
         [Processed Buffers: Min: 0, Avg: 0.0, Max: 0, Diff: 0, Sum: 0]
      [Scan RS (ms): Min: 0.0, Avg: 0.0, Max: 0.0, Diff: 0.0, Sum: 0.0]
      [Code Root Scanning (ms): Min: 0.0, Avg: 0.2, Max: 0.4, Diff: 0.4, Sum: 0.7]
      [Object Copy (ms): Min: 3.9, Avg: 4.5, Max: 5.0, Diff: 1.1, Sum: 18.1]
      [Termination (ms): Min: 0.0, Avg: 0.0, Max: 0.0, Diff: 0.0, Sum: 0.0]
         [Termination Attempts: Min: 1, Avg: 4.0, Max: 8, Diff: 7, Sum: 16]
      [GC Worker Other (ms): Min: 0.2, Avg: 0.2, Max: 0.2, Diff: 0.0, Sum: 0.7]
      [GC Worker Total (ms): Min: 6.0, Avg: 6.0, Max: 6.1, Diff: 0.0, Sum: 24.2]
      [GC Worker End (ms): Min: 1717.8, Avg: 1717.8, Max: 1717.8, Diff: 0.0]
   [Code Root Fixup: 0.2 ms]
   [Code Root Purge: 0.0 ms]
   [Clear CT: 0.1 ms]
   [Other: 5.2 ms]
      [Choose CSet: 0.0 ms]
      [Ref Proc: 4.2 ms]
      [Ref Enq: 0.0 ms]
      [Redirty Cards: 0.1 ms]
      [Humongous Register: 0.1 ms]
      [Humongous Reclaim: 0.0 ms]
      [Free CSet: 0.1 ms]
   [Eden: 51.0M(51.0M)->0.0B(44.0M) Survivors: 0.0B->7168.0K Heap: 51.0M(1024.0M)->7953.5K(1024.0M)]
 [Times: user=0.02 sys=0.01, real=0.01 secs] 
2017-04-04T14:09:58.194-0530: 2.449: [GC pause (G1 Evacuation Pause) (young), 0.0082952 secs]
   [Parallel Time: 6.7 ms, GC Workers: 4]
      [GC Worker Start (ms): Min: 2449.1, Avg: 2450.2, Max: 2451.5, Diff: 2.3]
      [Ext Root Scanning (ms): Min: 0.0, Avg: 0.8, Max: 1.6, Diff: 1.6, Sum: 3.2]
      [Update RS (ms): Min: 0.0, Avg: 0.9, Max: 3.5, Diff: 3.5, Sum: 3.5]
         [Processed Buffers: Min: 0, Avg: 0.2, Max: 1, Diff: 1, Sum: 1]
      [Scan RS (ms): Min: 0.0, Avg: 0.0, Max: 0.0, Diff: 0.0, Sum: 0.0]
      [Code Root Scanning (ms): Min: 0.0, Avg: 0.4, Max: 1.4, Diff: 1.4, Sum: 1.5]
      [Object Copy (ms): Min: 1.5, Avg: 3.5, Max: 4.9, Diff: 3.4, Sum: 13.9]
      [Termination (ms): Min: 0.0, Avg: 0.0, Max: 0.0, Diff: 0.0, Sum: 0.1]
         [Termination Attempts: Min: 28, Avg: 32.0, Max: 37, Diff: 9, Sum: 128]
      [GC Worker Other (ms): Min: 0.0, Avg: 0.0, Max: 0.0, Diff: 0.0, Sum: 0.1]
      [GC Worker Total (ms): Min: 4.3, Avg: 5.6, Max: 6.7, Diff: 2.4, Sum: 22.3]
      [GC Worker End (ms): Min: 2455.8, Avg: 2455.8, Max: 2455.8, Diff: 0.0]
   [Code Root Fixup: 0.3 ms]
   [Code Root Purge: 0.0 ms]
   [Clear CT: 0.1 ms]
   [Other: 1.2 ms]
      [Choose CSet: 0.0 ms]
      [Ref Proc: 0.8 ms]
      [Ref Enq: 0.0 ms]
      [Redirty Cards: 0.1 ms]
      [Humongous Register: 0.0 ms]
      [Humongous Reclaim: 0.0 ms]
      [Free CSet: 0.1 ms]
   [Eden: 44.0M(44.0M)->0.0B(44.0M) Survivors: 7168.0K->7168.0K Heap: 179.8M(1024.0M)->135.8M(1024.0M)]
 [Times: user=0.03 sys=0.01, real=0.01 secs] 
2017-04-04T14:09:58.474-0530: 2.729: [GC pause (G1 Evacuation Pause) (young), 0.0067089 secs]
   [Parallel Time: 5.1 ms, GC Workers: 4]
      [GC Worker Start (ms): Min: 2729.2, Avg: 2729.2, Max: 2729.2, Diff: 0.0]
      [Ext Root Scanning (ms): Min: 0.3, Avg: 0.7, Max: 1.3, Diff: 1.1, Sum: 2.6]
      [Update RS (ms): Min: 0.0, Avg: 0.0, Max: 0.1, Diff: 0.1, Sum: 0.1]
         [Processed Buffers: Min: 0, Avg: 0.2, Max: 1, Diff: 1, Sum: 1]
      [Scan RS (ms): Min: 0.0, Avg: 0.0, Max: 0.0, Diff: 0.0, Sum: 0.0]
      [Code Root Scanning (ms): Min: 0.0, Avg: 0.5, Max: 1.6, Diff: 1.6, Sum: 1.9]
      [Object Copy (ms): Min: 3.0, Avg: 3.8, Max: 4.3, Diff: 1.3, Sum: 15.1]
      [Termination (ms): Min: 0.0, Avg: 0.1, Max: 0.1, Diff: 0.1, Sum: 0.4]
         [Termination Attempts: Min: 1, Avg: 4.0, Max: 8, Diff: 7, Sum: 16]
      [GC Worker Other (ms): Min: 0.0, Avg: 0.0, Max: 0.0, Diff: 0.0, Sum: 0.0]
      [GC Worker Total (ms): Min: 5.0, Avg: 5.1, Max: 5.1, Diff: 0.0, Sum: 20.2]
      [GC Worker End (ms): Min: 2734.3, Avg: 2734.3, Max: 2734.3, Diff: 0.0]
   [Code Root Fixup: 0.7 ms]
   [Code Root Purge: 0.0 ms]
   [Clear CT: 0.0 ms]
   [Other: 0.8 ms]
      [Choose CSet: 0.0 ms]
      [Ref Proc: 0.4 ms]
      [Ref Enq: 0.0 ms]
      [Redirty Cards: 0.0 ms]
      [Humongous Register: 0.0 ms]
      [Humongous Reclaim: 0.0 ms]
      [Free CSet: 0.2 ms]
   [Eden: 44.0M(44.0M)->0.0B(45.0M) Survivors: 7168.0K->6144.0K Heap: 179.8M(1024.0M)->134.3M(1024.0M)]
 [Times: user=0.02 sys=0.00, real=0.01 secs] 
2017-04-04T14:09:58.656-0530: 2.911: [GC pause (G1 Evacuation Pause) (young), 0.0061364 secs]
   [Parallel Time: 5.2 ms, GC Workers: 4]
      [GC Worker Start (ms): Min: 2911.2, Avg: 2911.2, Max: 2911.2, Diff: 0.0]
      [Ext Root Scanning (ms): Min: 0.3, Avg: 0.7, Max: 1.3, Diff: 1.0, Sum: 2.6]
      [Update RS (ms): Min: 0.0, Avg: 0.0, Max: 0.1, Diff: 0.1, Sum: 0.1]
         [Processed Buffers: Min: 0, Avg: 0.2, Max: 1, Diff: 1, Sum: 1]
      [Scan RS (ms): Min: 0.0, Avg: 0.0, Max: 0.0, Diff: 0.0, Sum: 0.0]
      [Code Root Scanning (ms): Min: 0.0, Avg: 1.1, Max: 3.4, Diff: 3.4, Sum: 4.6]
      [Object Copy (ms): Min: 1.3, Avg: 3.3, Max: 4.6, Diff: 3.4, Sum: 13.0]
      [Termination (ms): Min: 0.0, Avg: 0.0, Max: 0.0, Diff: 0.0, Sum: 0.0]
         [Termination Attempts: Min: 1, Avg: 5.2, Max: 8, Diff: 7, Sum: 21]
      [GC Worker Other (ms): Min: 0.0, Avg: 0.0, Max: 0.0, Diff: 0.0, Sum: 0.0]
      [GC Worker Total (ms): Min: 5.1, Avg: 5.1, Max: 5.1, Diff: 0.0, Sum: 20.5]
      [GC Worker End (ms): Min: 2916.3, Avg: 2916.3, Max: 2916.3, Diff: 0.0]
   [Code Root Fixup: 0.5 ms]
   [Code Root Purge: 0.0 ms]
   [Clear CT: 0.0 ms]
   [Other: 0.5 ms]
      [Choose CSet: 0.0 ms]
      [Ref Proc: 0.1 ms]
      [Ref Enq: 0.0 ms]
      [Redirty Cards: 0.0 ms]
      [Humongous Register: 0.0 ms]
      [Humongous Reclaim: 0.0 ms]
      [Free CSet: 0.2 ms]
   [Eden: 45.0M(45.0M)->0.0B(46.0M) Survivors: 6144.0K->5120.0K Heap: 179.3M(1024.0M)->133.8M(1024.0M)]
 [Times: user=0.02 sys=0.00, real=0.01 secs] 
2017-04-04T14:09:58.897-0530: 3.152: [GC pause (G1 Evacuation Pause) (young), 0.0108902 secs]
   [Parallel Time: 8.7 ms, GC Workers: 4]
      [GC Worker Start (ms): Min: 3151.8, Avg: 3151.8, Max: 3151.9, Diff: 0.0]
      [Ext Root Scanning (ms): Min: 0.4, Avg: 1.0, Max: 2.5, Diff: 2.2, Sum: 3.8]
      [Update RS (ms): Min: 0.0, Avg: 0.0, Max: 0.2, Diff: 0.2, Sum: 0.2]
         [Processed Buffers: Min: 0, Avg: 0.2, Max: 1, Diff: 1, Sum: 1]
      [Scan RS (ms): Min: 0.0, Avg: 0.0, Max: 0.0, Diff: 0.0, Sum: 0.1]
      [Code Root Scanning (ms): Min: 0.0, Avg: 1.0, Max: 2.0, Diff: 2.0, Sum: 3.9]
      [Object Copy (ms): Min: 5.0, Avg: 5.5, Max: 6.9, Diff: 1.9, Sum: 22.2]
      [Termination (ms): Min: 0.0, Avg: 0.6, Max: 0.9, Diff: 0.9, Sum: 2.6]
         [Termination Attempts: Min: 1, Avg: 1.0, Max: 1, Diff: 0, Sum: 4]
      [GC Worker Other (ms): Min: 0.0, Avg: 0.0, Max: 0.0, Diff: 0.0, Sum: 0.1]
      [GC Worker Total (ms): Min: 7.7, Avg: 8.2, Max: 8.4, Diff: 0.7, Sum: 32.8]
      [GC Worker End (ms): Min: 3159.5, Avg: 3160.0, Max: 3160.2, Diff: 0.7]
   [Code Root Fixup: 0.9 ms]
   [Code Root Purge: 0.0 ms]
   [Clear CT: 0.1 ms]
   [Other: 1.3 ms]
      [Choose CSet: 0.0 ms]
      [Ref Proc: 0.7 ms]
      [Ref Enq: 0.0 ms]
      [Redirty Cards: 0.0 ms]
      [Humongous Register: 0.1 ms]
      [Humongous Reclaim: 0.0 ms]
      [Free CSet: 0.3 ms]
   [Eden: 46.0M(46.0M)->0.0B(46.0M) Survivors: 5120.0K->5120.0K Heap: 179.8M(1024.0M)->133.8M(1024.0M)]
 [Times: user=0.02 sys=0.00, real=0.01 secs] 
2017-04-04T14:09:59.125-0530: 3.380: [GC pause (Metadata GC Threshold) (young) (initial-mark), 0.0118121 secs]
   [Parallel Time: 7.4 ms, GC Workers: 4]
      [GC Worker Start (ms): Min: 3380.2, Avg: 3380.6, Max: 3381.7, Diff: 1.4]
      [Ext Root Scanning (ms): Min: 0.7, Avg: 1.6, Max: 2.0, Diff: 1.4, Sum: 6.3]
      [Update RS (ms): Min: 0.0, Avg: 0.0, Max: 0.1, Diff: 0.1, Sum: 0.1]
         [Processed Buffers: Min: 0, Avg: 0.2, Max: 1, Diff: 1, Sum: 1]
      [Scan RS (ms): Min: 0.0, Avg: 0.0, Max: 0.0, Diff: 0.0, Sum: 0.0]
      [Code Root Scanning (ms): Min: 0.0, Avg: 1.8, Max: 5.2, Diff: 5.2, Sum: 7.1]
      [Object Copy (ms): Min: 0.1, Avg: 3.2, Max: 5.1, Diff: 5.0, Sum: 12.8]
      [Termination (ms): Min: 0.0, Avg: 0.4, Max: 0.6, Diff: 0.6, Sum: 1.6]
         [Termination Attempts: Min: 1, Avg: 1.0, Max: 1, Diff: 0, Sum: 4]
      [GC Worker Other (ms): Min: 0.0, Avg: 0.0, Max: 0.0, Diff: 0.0, Sum: 0.0]
      [GC Worker Total (ms): Min: 5.9, Avg: 7.0, Max: 7.4, Diff: 1.4, Sum: 28.0]
      [GC Worker End (ms): Min: 3387.6, Avg: 3387.6, Max: 3387.6, Diff: 0.1]
   [Code Root Fixup: 3.1 ms]
   [Code Root Purge: 0.0 ms]
   [Clear CT: 0.1 ms]
   [Other: 1.2 ms]
      [Choose CSet: 0.0 ms]
      [Ref Proc: 0.5 ms]
      [Ref Enq: 0.0 ms]
      [Redirty Cards: 0.1 ms]
      [Humongous Register: 0.0 ms]
      [Humongous Reclaim: 0.0 ms]
      [Free CSet: 0.3 ms]
   [Eden: 13.0M(46.0M)->0.0B(45.0M) Survivors: 5120.0K->6144.0K Heap: 146.2M(1024.0M)->134.8M(1024.0M)]
 [Times: user=0.03 sys=0.00, real=0.01 secs] 
2017-04-04T14:09:59.137-0530: 3.392: [GC concurrent-root-region-scan-start]
2017-04-04T14:09:59.145-0530: 3.400: [GC concurrent-root-region-scan-end, 0.0078528 secs]
2017-04-04T14:09:59.145-0530: 3.400: [GC concurrent-mark-start]
2017-04-04T14:09:59.146-0530: 3.401: [GC concurrent-mark-end, 0.0006180 secs]
2017-04-04T14:09:59.146-0530: 3.401: [GC remark 2017-04-04T14:09:59.146-0530: 3.401: [Finalize Marking, 0.0003285 secs] 2017-04-04T14:09:59.146-0530: 3.401: [GC ref-proc, 0.0000900 secs] 2017-04-04T14:09:59.147-0530: 3.401: [Unloading, 0.0049926 secs], 0.0074392 secs]
 [Times: user=0.02 sys=0.00, real=0.01 secs] 
2017-04-04T14:09:59.154-0530: 3.409: [GC cleanup 135M->134M(1024M), 0.0006927 secs]
 [Times: user=0.00 sys=0.00, real=0.00 secs] 
2017-04-04T14:09:59.154-0530: 3.409: [GC concurrent-cleanup-start]
2017-04-04T14:09:59.154-0530: 3.409: [GC concurrent-cleanup-end, 0.0000197 secs]
2017-04-04T14:09:59.421-0530: 3.676: [GC pause (G1 Evacuation Pause) (young), 0.0118201 secs]
   [Parallel Time: 10.4 ms, GC Workers: 4]
      [GC Worker Start (ms): Min: 3676.2, Avg: 3676.7, Max: 3678.2, Diff: 2.0]
      [Ext Root Scanning (ms): Min: 0.0, Avg: 0.9, Max: 1.6, Diff: 1.6, Sum: 3.6]
      [Update RS (ms): Min: 0.0, Avg: 0.0, Max: 0.0, Diff: 0.0, Sum: 0.0]
         [Processed Buffers: Min: 0, Avg: 0.2, Max: 1, Diff: 1, Sum: 1]
      [Scan RS (ms): Min: 0.0, Avg: 0.0, Max: 0.0, Diff: 0.0, Sum: 0.0]
      [Code Root Scanning (ms): Min: 0.0, Avg: 1.9, Max: 6.0, Diff: 6.0, Sum: 7.5]
      [Object Copy (ms): Min: 2.7, Avg: 7.0, Max: 8.8, Diff: 6.0, Sum: 28.2]
      [Termination (ms): Min: 0.0, Avg: 0.0, Max: 0.0, Diff: 0.0, Sum: 0.0]
         [Termination Attempts: Min: 1, Avg: 6.5, Max: 11, Diff: 10, Sum: 26]
      [GC Worker Other (ms): Min: 0.0, Avg: 0.0, Max: 0.0, Diff: 0.0, Sum: 0.1]
      [GC Worker Total (ms): Min: 8.3, Avg: 9.8, Max: 10.3, Diff: 2.0, Sum: 39.3]
      [GC Worker End (ms): Min: 3686.5, Avg: 3686.5, Max: 3686.5, Diff: 0.0]
   [Code Root Fixup: 0.6 ms]
   [Code Root Purge: 0.0 ms]
   [Clear CT: 0.1 ms]
   [Other: 0.8 ms]
      [Choose CSet: 0.0 ms]
      [Ref Proc: 0.4 ms]
      [Ref Enq: 0.0 ms]
      [Redirty Cards: 0.0 ms]
      [Humongous Register: 0.0 ms]
      [Humongous Reclaim: 0.0 ms]
      [Free CSet: 0.2 ms]
   [Eden: 45.0M(45.0M)->0.0B(46.0M) Survivors: 6144.0K->5120.0K Heap: 179.0M(1024.0M)->134.9M(1024.0M)]
 [Times: user=0.03 sys=0.00, real=0.01 secs] 
2017-04-04T14:09:59.678-0530: 3.933: [GC pause (G1 Evacuation Pause) (young), 0.0058795 secs]
   [Parallel Time: 5.0 ms, GC Workers: 4]
      [GC Worker Start (ms): Min: 3933.3, Avg: 3933.4, Max: 3933.4, Diff: 0.1]
      [Ext Root Scanning (ms): Min: 0.8, Avg: 1.1, Max: 1.7, Diff: 1.0, Sum: 4.5]
      [Update RS (ms): Min: 0.2, Avg: 0.3, Max: 0.7, Diff: 0.5, Sum: 1.4]
         [Processed Buffers: Min: 1, Avg: 2.5, Max: 4, Diff: 3, Sum: 10]
      [Scan RS (ms): Min: 0.2, Avg: 0.3, Max: 0.4, Diff: 0.1, Sum: 1.2]
      [Code Root Scanning (ms): Min: 0.0, Avg: 0.2, Max: 0.4, Diff: 0.4, Sum: 0.8]
      [Object Copy (ms): Min: 2.3, Avg: 2.9, Max: 3.6, Diff: 1.3, Sum: 11.7]
      [Termination (ms): Min: 0.0, Avg: 0.0, Max: 0.0, Diff: 0.0, Sum: 0.0]
         [Termination Attempts: Min: 1, Avg: 1.0, Max: 1, Diff: 0, Sum: 4]
      [GC Worker Other (ms): Min: 0.0, Avg: 0.0, Max: 0.1, Diff: 0.0, Sum: 0.2]
      [GC Worker Total (ms): Min: 4.9, Avg: 4.9, Max: 5.0, Diff: 0.1, Sum: 19.7]
      [GC Worker End (ms): Min: 3938.3, Avg: 3938.3, Max: 3938.3, Diff: 0.0]
   [Code Root Fixup: 0.2 ms]
   [Code Root Purge: 0.0 ms]
   [Clear CT: 0.1 ms]
   [Other: 0.5 ms]
      [Choose CSet: 0.0 ms]
      [Ref Proc: 0.2 ms]
      [Ref Enq: 0.0 ms]
      [Redirty Cards: 0.0 ms]
      [Humongous Register: 0.0 ms]
      [Humongous Reclaim: 0.0 ms]
      [Free CSet: 0.0 ms]
   [Eden: 46.0M(46.0M)->0.0B(47.0M) Survivors: 5120.0K->4096.0K Heap: 180.9M(1024.0M)->133.9M(1024.0M)]
 [Times: user=0.02 sys=0.00, real=0.01 secs] 
2017-04-04T14:10:00.232-0530: 4.486: [GC pause (G1 Humongous Allocation) (young) (initial-mark), 0.0041202 secs]
   [Parallel Time: 3.2 ms, GC Workers: 4]
      [GC Worker Start (ms): Min: 4486.6, Avg: 4486.6, Max: 4486.6, Diff: 0.0]
      [Ext Root Scanning (ms): Min: 0.6, Avg: 0.6, Max: 0.7, Diff: 0.1, Sum: 2.4]
      [Update RS (ms): Min: 0.1, Avg: 0.2, Max: 0.2, Diff: 0.1, Sum: 0.8]
         [Processed Buffers: Min: 1, Avg: 3.0, Max: 6, Diff: 5, Sum: 12]
      [Scan RS (ms): Min: 0.0, Avg: 0.0, Max: 0.0, Diff: 0.0, Sum: 0.0]
      [Code Root Scanning (ms): Min: 0.0, Avg: 0.2, Max: 0.3, Diff: 0.3, Sum: 0.8]
      [Object Copy (ms): Min: 1.9, Avg: 2.2, Max: 2.4, Diff: 0.5, Sum: 8.6]
      [Termination (ms): Min: 0.0, Avg: 0.0, Max: 0.0, Diff: 0.0, Sum: 0.0]
         [Termination Attempts: Min: 1, Avg: 1.0, Max: 1, Diff: 0, Sum: 4]
      [GC Worker Other (ms): Min: 0.0, Avg: 0.0, Max: 0.0, Diff: 0.0, Sum: 0.1]
      [GC Worker Total (ms): Min: 3.2, Avg: 3.2, Max: 3.2, Diff: 0.0, Sum: 12.7]
      [GC Worker End (ms): Min: 4489.8, Avg: 4489.8, Max: 4489.8, Diff: 0.0]
   [Code Root Fixup: 0.2 ms]
   [Code Root Purge: 0.0 ms]
   [Clear CT: 0.0 ms]
   [Other: 0.6 ms]
      [Choose CSet: 0.0 ms]
      [Ref Proc: 0.2 ms]
      [Ref Enq: 0.0 ms]
      [Redirty Cards: 0.0 ms]
      [Humongous Register: 0.0 ms]
      [Humongous Reclaim: 0.2 ms]
      [Free CSet: 0.0 ms]
   [Eden: 46.0M(47.0M)->0.0B(56.0M) Survivors: 4096.0K->5120.0K Heap: 364.5M(1024.0M)->134.9M(1024.0M)]
 [Times: user=0.02 sys=0.00, real=0.00 secs] 
2017-04-04T14:10:00.236-0530: 4.491: [GC concurrent-root-region-scan-start]
2017-04-04T14:10:00.241-0530: 4.496: [GC concurrent-root-region-scan-end, 0.0050629 secs]
2017-04-04T14:10:00.241-0530: 4.496: [GC concurrent-mark-start]
2017-04-04T14:10:00.250-0530: 4.504: [GC concurrent-mark-end, 0.0086897 secs]
2017-04-04T14:10:00.250-0530: 4.505: [GC remark 2017-04-04T14:10:00.250-0530: 4.505: [Finalize Marking, 0.0000979 secs] 2017-04-04T14:10:00.250-0530: 4.505: [GC ref-proc, 0.0000876 secs] 2017-04-04T14:10:00.250-0530: 4.505: [Unloading, 0.0035153 secs], 0.0056929 secs]
 [Times: user=0.02 sys=0.00, real=0.00 secs] 
2017-04-04T14:10:00.256-0530: 4.511: [GC cleanup 140M->140M(1024M), 0.0006085 secs]
 [Times: user=0.00 sys=0.00, real=0.00 secs] 
2017-04-04T14:12:14.981-0530: 139.231: [GC pause (G1 Evacuation Pause) (young), 0.0146697 secs]
   [Parallel Time: 11.0 ms, GC Workers: 4]
      [GC Worker Start (ms): Min: 139231.5, Avg: 139231.5, Max: 139231.5, Diff: 0.0]
      [Ext Root Scanning (ms): Min: 0.4, Avg: 0.6, Max: 1.3, Diff: 0.9, Sum: 2.5]
      [Update RS (ms): Min: 0.0, Avg: 0.3, Max: 0.4, Diff: 0.4, Sum: 1.0]
         [Processed Buffers: Min: 0, Avg: 6.2, Max: 16, Diff: 16, Sum: 25]
      [Scan RS (ms): Min: 0.0, Avg: 0.0, Max: 0.0, Diff: 0.0, Sum: 0.0]
      [Code Root Scanning (ms): Min: 0.4, Avg: 0.5, Max: 0.7, Diff: 0.4, Sum: 2.2]
      [Object Copy (ms): Min: 9.0, Avg: 9.4, Max: 9.8, Diff: 0.8, Sum: 37.5]
      [Termination (ms): Min: 0.0, Avg: 0.1, Max: 0.2, Diff: 0.2, Sum: 0.4]
         [Termination Attempts: Min: 1, Avg: 1.0, Max: 1, Diff: 0, Sum: 4]
      [GC Worker Other (ms): Min: 0.0, Avg: 0.0, Max: 0.0, Diff: 0.0, Sum: 0.0]
      [GC Worker Total (ms): Min: 10.9, Avg: 10.9, Max: 11.0, Diff: 0.1, Sum: 43.7]
      [GC Worker End (ms): Min: 139242.4, Avg: 139242.4, Max: 139242.5, Diff: 0.1]
   [Code Root Fixup: 0.4 ms]
   [Code Root Purge: 0.1 ms]
   [Clear CT: 0.1 ms]
   [Other: 3.0 ms]
      [Choose CSet: 0.0 ms]
      [Ref Proc: 1.8 ms]
      [Ref Enq: 0.0 ms]
      [Redirty Cards: 0.0 ms]
      [Humongous Register: 0.0 ms]
      [Humongous Reclaim: 0.1 ms]
      [Free CSet: 0.9 ms]
   [Eden: 56.0M(56.0M)->0.0B(86.0M) Survivors: 5120.0K->6144.0K Heap: 256.9M(1024.0M)->136.4M(1024.0M)]
 [Times: user=0.03 sys=0.00, real=0.01 secs] 
Heap
 garbage-first heap   total 1048576K, used 185741K [0x0000000780000000, 0x0000000780102000, 0x00000007c0000000)
  region size 1024K, 51 young (52224K), 6 survivors (6144K)
 Metaspace       used 26329K, capacity 26474K, committed 26752K, reserved 1071104K
  class space    used 4127K, capacity 4193K, committed 4224K, reserved 1048576K
